/usr/bin/timeout: failed to run command ‘working/Clarkitecture/bin/mips_simulator’: No such file or directory
